<?xml version="1.0" encoding="UTF-8"?>
<TestRun id="83f5bc28-64cd-414a-9dda-23a5beb7068d" name="Mr.Bao@DESKTOP-MNT85I8 2019-11-14 09:35:20" runUser="DESKTOP-MNT85I8\Mr.Bao" xmlns="http://microsoft.com/schemas/VisualStudio/TeamTest/2010">
  <TestSettings name="Local" id="4832f6f6-0122-46c3-a19a-a0aebfdfd26e">
    <Description>These are default test settings for a local test run.</Description>
    <Deployment enabled="false" runDeploymentRoot="Mr.Bao_DESKTOP-MNT85I8 2019-11-14 09_35_20">
      <DeploymentItem filename="C:\Users\Mr.Bao\Desktop\QLKhachSan\QLKhachSan\QLKhachSan\bin\Debug\QLKhachSan.exe" />
    </Deployment>
    <Execution>
      <TestTypeSpecific />
      <AgentRule name="Execution Agents">
      </AgentRule>
    </Execution>
  </TestSettings>
  <Times creation="2019-11-14T09:35:20.9657154+07:00" queuing="2019-11-14T09:35:21.9028940+07:00" start="2019-11-14T09:35:21.9397951+07:00" finish="2019-11-14T09:44:54.2230592+07:00" />
  <ResultSummary outcome="Error">
    <Counters total="6" executed="3" passed="1" error="0" failed="1" timeout="0" aborted="1" inconclusive="0" passedButRunAborted="0" notRunnable="0" notExecuted="3" disconnected="0" warning="0" completed="0" inProgress="0" pending="0" />
    <RunInfos>
      <RunInfo computerName="DESKTOP-MNT85I8" outcome="Error" timestamp="2019-11-14T09:44:54.2220629+07:00">
        <Text>Test host process exited unexpectedly.</Text>
      </RunInfo>
    </RunInfos>
  </ResultSummary>
  <TestDefinitions>
    <UnitTest name="TestKhongNhapUserName" storage="c:\users\mr.bao\desktop\qlkhachsan\qlkhachsan\testformlogin\bin\debug\testformlogin.dll" id="d4cdd5b7-c959-94db-6c9c-63d20cd59a53">
      <Execution id="565abdad-69b1-4216-b2ba-b40baa4a865c" />
      <TestMethod codeBase="C:/Users/Mr.Bao/Desktop/QLKhachSan/QLKhachSan/TestFormLogin/bin/Debug/TestFormLogin.DLL" adapterTypeName="Microsoft.VisualStudio.TestTools.TestTypes.Unit.UnitTestAdapter, Microsoft.VisualStudio.QualityTools.Tips.UnitTest.Adapter, Version=10.0.0.0, Culture=neutral, PublicKeyToken=b03f5f7f11d50a3a" className="TestFormLogin.UnitTestFormLogin, TestFormLogin, Version=1.0.0.0, Culture=neutral, PublicKeyToken=null" name="TestKhongNhapUserName" />
    </UnitTest>
    <UnitTest name="TestKhongNhapPassword" storage="c:\users\mr.bao\desktop\qlkhachsan\qlkhachsan\testformlogin\bin\debug\testformlogin.dll" id="dc86a428-8669-f14a-6cf3-fd727cf9a0df">
      <Execution id="d909e233-fc2c-4f09-a8e7-16ad67a488da" />
      <TestMethod codeBase="C:/Users/Mr.Bao/Desktop/QLKhachSan/QLKhachSan/TestFormLogin/bin/Debug/TestFormLogin.DLL" adapterTypeName="Microsoft.VisualStudio.TestTools.TestTypes.Unit.UnitTestAdapter, Microsoft.VisualStudio.QualityTools.Tips.UnitTest.Adapter, Version=10.0.0.0, Culture=neutral, PublicKeyToken=b03f5f7f11d50a3a" className="TestFormLogin.UnitTestFormLogin, TestFormLogin, Version=1.0.0.0, Culture=neutral, PublicKeyToken=null" name="TestKhongNhapPassword" />
    </UnitTest>
    <UnitTest name="TestKhongNhapUserNameVaPassword" storage="c:\users\mr.bao\desktop\qlkhachsan\qlkhachsan\testformlogin\bin\debug\testformlogin.dll" id="3ffcf067-8c0f-cb8f-9160-dedbcd81c4a4">
      <Execution id="5ccd745a-16eb-49bd-9586-fc06e9aa487e" />
      <TestMethod codeBase="C:/Users/Mr.Bao/Desktop/QLKhachSan/QLKhachSan/TestFormLogin/bin/Debug/TestFormLogin.DLL" adapterTypeName="Microsoft.VisualStudio.TestTools.TestTypes.Unit.UnitTestAdapter, Microsoft.VisualStudio.QualityTools.Tips.UnitTest.Adapter, Version=10.0.0.0, Culture=neutral, PublicKeyToken=b03f5f7f11d50a3a" className="TestFormLogin.UnitTestFormLogin, TestFormLogin, Version=1.0.0.0, Culture=neutral, PublicKeyToken=null" name="TestKhongNhapUserNameVaPassword" />
    </UnitTest>
    <UnitTest name="TestDangNhapThanhCong" storage="c:\users\mr.bao\desktop\qlkhachsan\qlkhachsan\testformlogin\bin\debug\testformlogin.dll" id="9a7c029e-6ac7-139c-a677-c95f8c793e8a">
      <Execution id="143eb946-8469-4255-990a-9a2ed1fe9026" />
      <TestMethod codeBase="C:/Users/Mr.Bao/Desktop/QLKhachSan/QLKhachSan/TestFormLogin/bin/Debug/TestFormLogin.DLL" adapterTypeName="Microsoft.VisualStudio.TestTools.TestTypes.Unit.UnitTestAdapter, Microsoft.VisualStudio.QualityTools.Tips.UnitTest.Adapter, Version=10.0.0.0, Culture=neutral, PublicKeyToken=b03f5f7f11d50a3a" className="TestFormLogin.UnitTestFormLogin, TestFormLogin, Version=1.0.0.0, Culture=neutral, PublicKeyToken=null" name="TestDangNhapThanhCong" />
    </UnitTest>
    <UnitTest name="TestDangNhapSaiUsername" storage="c:\users\mr.bao\desktop\qlkhachsan\qlkhachsan\testformlogin\bin\debug\testformlogin.dll" id="e1bea3ac-d61e-bfab-f58f-e4df2d9e4d98">
      <Execution id="1f75ebe7-89b5-4a88-a76d-419a4c608c97" />
      <TestMethod codeBase="C:/Users/Mr.Bao/Desktop/QLKhachSan/QLKhachSan/TestFormLogin/bin/Debug/TestFormLogin.DLL" adapterTypeName="Microsoft.VisualStudio.TestTools.TestTypes.Unit.UnitTestAdapter, Microsoft.VisualStudio.QualityTools.Tips.UnitTest.Adapter, Version=10.0.0.0, Culture=neutral, PublicKeyToken=b03f5f7f11d50a3a" className="TestFormLogin.UnitTestFormLogin, TestFormLogin, Version=1.0.0.0, Culture=neutral, PublicKeyToken=null" name="TestDangNhapSaiUsername" />
    </UnitTest>
    <UnitTest name="TestDangSaiPassword" storage="c:\users\mr.bao\desktop\qlkhachsan\qlkhachsan\testformlogin\bin\debug\testformlogin.dll" id="bae121d2-c58b-4a3d-7e43-c772e5045cb7">
      <Execution id="084d660b-f398-4f31-b49e-74326c60e4db" />
      <TestMethod codeBase="C:/Users/Mr.Bao/Desktop/QLKhachSan/QLKhachSan/TestFormLogin/bin/Debug/TestFormLogin.DLL" adapterTypeName="Microsoft.VisualStudio.TestTools.TestTypes.Unit.UnitTestAdapter, Microsoft.VisualStudio.QualityTools.Tips.UnitTest.Adapter, Version=10.0.0.0, Culture=neutral, PublicKeyToken=b03f5f7f11d50a3a" className="TestFormLogin.UnitTestFormLogin, TestFormLogin, Version=1.0.0.0, Culture=neutral, PublicKeyToken=null" name="TestDangSaiPassword" />
    </UnitTest>
  </TestDefinitions>
  <TestLists>
    <TestList name="Results Not in a List" id="8c84fa94-04c1-424b-9868-57a2d4851a1d" />
    <TestList name="All Loaded Results" id="19431567-8539-422a-85d7-44ee4e166bda" />
  </TestLists>
  <TestEntries>
    <TestEntry testId="9a7c029e-6ac7-139c-a677-c95f8c793e8a" executionId="143eb946-8469-4255-990a-9a2ed1fe9026" testListId="8c84fa94-04c1-424b-9868-57a2d4851a1d" />
    <TestEntry testId="e1bea3ac-d61e-bfab-f58f-e4df2d9e4d98" executionId="1f75ebe7-89b5-4a88-a76d-419a4c608c97" testListId="8c84fa94-04c1-424b-9868-57a2d4851a1d" />
    <TestEntry testId="bae121d2-c58b-4a3d-7e43-c772e5045cb7" executionId="084d660b-f398-4f31-b49e-74326c60e4db" testListId="8c84fa94-04c1-424b-9868-57a2d4851a1d" />
    <TestEntry testId="d4cdd5b7-c959-94db-6c9c-63d20cd59a53" executionId="565abdad-69b1-4216-b2ba-b40baa4a865c" testListId="8c84fa94-04c1-424b-9868-57a2d4851a1d" />
    <TestEntry testId="dc86a428-8669-f14a-6cf3-fd727cf9a0df" executionId="d909e233-fc2c-4f09-a8e7-16ad67a488da" testListId="8c84fa94-04c1-424b-9868-57a2d4851a1d" />
    <TestEntry testId="3ffcf067-8c0f-cb8f-9160-dedbcd81c4a4" executionId="5ccd745a-16eb-49bd-9586-fc06e9aa487e" testListId="8c84fa94-04c1-424b-9868-57a2d4851a1d" />
  </TestEntries>
  <Results>
    <UnitTestResult executionId="143eb946-8469-4255-990a-9a2ed1fe9026" testId="9a7c029e-6ac7-139c-a677-c95f8c793e8a" testName="TestDangNhapThanhCong" computerName="DESKTOP-MNT85I8" duration="00:00:00.0061633" startTime="2019-11-14T09:35:22.0620008+07:00" endTime="2019-11-14T09:35:22.5221575+07:00" testType="13cdc9d9-ddb5-4fa4-a97d-d965ccfc6d4b" outcome="Passed" testListId="8c84fa94-04c1-424b-9868-57a2d4851a1d" relativeResultsDirectory="143eb946-8469-4255-990a-9a2ed1fe9026">
    </UnitTestResult>
    <UnitTestResult executionId="1f75ebe7-89b5-4a88-a76d-419a4c608c97" testId="e1bea3ac-d61e-bfab-f58f-e4df2d9e4d98" testName="TestDangNhapSaiUsername" computerName="DESKTOP-MNT85I8" duration="00:00:45.4211528" startTime="2019-11-14T09:35:22.5321339+07:00" endTime="2019-11-14T09:36:07.9601462+07:00" testType="13cdc9d9-ddb5-4fa4-a97d-d965ccfc6d4b" outcome="Failed" testListId="8c84fa94-04c1-424b-9868-57a2d4851a1d" relativeResultsDirectory="1f75ebe7-89b5-4a88-a76d-419a4c608c97">
      <Output>
        <ErrorInfo>
          <Message>Assert.AreEqual failed. Expected:&lt;admin&gt;. Actual:&lt;admin123&gt;. </Message>
          <StackTrace>   at TestFormLogin.UnitTestFormLogin.TestDangNhapSaiUsername() in C:\Users\Mr.Bao\Desktop\QLKhachSan\QLKhachSan\TestFormLogin\UnitTestFormLogin.cs:line 32
</StackTrace>
        </ErrorInfo>
      </Output>
    </UnitTestResult>
    <UnitTestResult executionId="084d660b-f398-4f31-b49e-74326c60e4db" testId="bae121d2-c58b-4a3d-7e43-c772e5045cb7" testName="TestDangSaiPassword" computerName="DESKTOP-MNT85I8" duration="00:08:46.2529396" startTime="2019-11-14T09:36:07.9701196+07:00" endTime="2019-11-14T09:44:54.2230592+07:00" testType="13cdc9d9-ddb5-4fa4-a97d-d965ccfc6d4b" outcome="Aborted" testListId="8c84fa94-04c1-424b-9868-57a2d4851a1d" relativeResultsDirectory="084d660b-f398-4f31-b49e-74326c60e4db">
    </UnitTestResult>
    <UnitTestResult executionId="565abdad-69b1-4216-b2ba-b40baa4a865c" testId="d4cdd5b7-c959-94db-6c9c-63d20cd59a53" testName="TestKhongNhapUserName" computerName="DESKTOP-MNT85I8" testType="13cdc9d9-ddb5-4fa4-a97d-d965ccfc6d4b" outcome="NotExecuted" testListId="8c84fa94-04c1-424b-9868-57a2d4851a1d" relativeResultsDirectory="565abdad-69b1-4216-b2ba-b40baa4a865c">
    </UnitTestResult>
    <UnitTestResult executionId="d909e233-fc2c-4f09-a8e7-16ad67a488da" testId="dc86a428-8669-f14a-6cf3-fd727cf9a0df" testName="TestKhongNhapPassword" computerName="DESKTOP-MNT85I8" testType="13cdc9d9-ddb5-4fa4-a97d-d965ccfc6d4b" outcome="NotExecuted" testListId="8c84fa94-04c1-424b-9868-57a2d4851a1d" relativeResultsDirectory="d909e233-fc2c-4f09-a8e7-16ad67a488da">
    </UnitTestResult>
    <UnitTestResult executionId="5ccd745a-16eb-49bd-9586-fc06e9aa487e" testId="3ffcf067-8c0f-cb8f-9160-dedbcd81c4a4" testName="TestKhongNhapUserNameVaPassword" computerName="DESKTOP-MNT85I8" testType="13cdc9d9-ddb5-4fa4-a97d-d965ccfc6d4b" outcome="NotExecuted" testListId="8c84fa94-04c1-424b-9868-57a2d4851a1d" relativeResultsDirectory="5ccd745a-16eb-49bd-9586-fc06e9aa487e">
    </UnitTestResult>
  </Results>
</TestRun>