<?xml version="1.0" encoding="UTF-8"?>
<TestRun id="d903c240-8452-4824-b564-e12ce274db09" name="TiDK@TIDK-PC 2019-11-17 09:12:53" runUser="TiDK-PC\TiDK" xmlns="http://microsoft.com/schemas/VisualStudio/TeamTest/2010">
  <TestSettings name="Local" id="4832f6f6-0122-46c3-a19a-a0aebfdfd26e">
    <Description>These are default test settings for a local test run.</Description>
    <Deployment enabled="false" runDeploymentRoot="TiDK_TIDK-PC 2019-11-17 09_12_53">
      <DeploymentItem filename="C:\Users\TiDK\Desktop\QLKhachSan\QLKhachSan\QLKhachSan\bin\Debug\QLKhachSan.exe" />
    </Deployment>
    <Execution>
      <TestTypeSpecific />
      <AgentRule name="Execution Agents">
      </AgentRule>
    </Execution>
  </TestSettings>
  <Times creation="2019-11-17T09:12:53.0692782+07:00" queuing="2019-11-17T09:12:53.1004783+07:00" start="2019-11-17T09:12:53.1160783+07:00" finish="2019-11-17T09:12:53.6620793+07:00" />
  <ResultSummary outcome="Completed">
    <Counters total="17" executed="17" passed="17" error="0" failed="0" timeout="0" aborted="0" inconclusive="0" passedButRunAborted="0" notRunnable="0" notExecuted="0" disconnected="0" warning="0" completed="0" inProgress="0" pending="0" />
  </ResultSummary>
  <TestDefinitions>
    <UnitTest name="TestCapNhatKhachHangThanhCong" storage="c:\users\tidk\desktop\qlkhachsan\qlkhachsan\testqlkhachsan\bin\debug\testqlkhachsan.dll" id="62a494b3-c77c-4c5b-9db8-61c8c948766c">
      <Execution id="5b0b5fae-24c3-4e8c-bd55-f02cc936e991" />
      <TestMethod codeBase="C:/Users/TiDK/Desktop/QLKhachSan/QLKhachSan/TestQLKhachSan/bin/Debug/TestQLKhachSan.DLL" adapterTypeName="Microsoft.VisualStudio.TestTools.TestTypes.Unit.UnitTestAdapter, Microsoft.VisualStudio.QualityTools.Tips.UnitTest.Adapter, Version=10.0.0.0, Culture=neutral, PublicKeyToken=b03f5f7f11d50a3a" className="TestQLKhachSan.UnitTestFrmQuanLyKhachHang, TestQLKhachSan, Version=1.0.0.0, Culture=neutral, PublicKeyToken=null" name="TestCapNhatKhachHangThanhCong" />
    </UnitTest>
    <UnitTest name="TestDangNhapSaiUsername" storage="c:\users\tidk\desktop\qlkhachsan\qlkhachsan\testqlkhachsan\bin\debug\testqlkhachsan.dll" id="20b0ec0f-1781-d0db-06f5-1f2b50da1bd6">
      <Execution id="84640d8d-bf1c-462d-884c-2f414666d30e" />
      <TestMethod codeBase="C:/Users/TiDK/Desktop/QLKhachSan/QLKhachSan/TestQLKhachSan/bin/Debug/TestQLKhachSan.DLL" adapterTypeName="Microsoft.VisualStudio.TestTools.TestTypes.Unit.UnitTestAdapter, Microsoft.VisualStudio.QualityTools.Tips.UnitTest.Adapter, Version=10.0.0.0, Culture=neutral, PublicKeyToken=b03f5f7f11d50a3a" className="TestQLKhachSan.UnitTestFrmLogin, TestQLKhachSan, Version=1.0.0.0, Culture=neutral, PublicKeyToken=null" name="TestDangNhapSaiUsername" />
    </UnitTest>
    <UnitTest name="TestDangSaiPassword" storage="c:\users\tidk\desktop\qlkhachsan\qlkhachsan\testqlkhachsan\bin\debug\testqlkhachsan.dll" id="0b4ec09c-c971-be03-ce00-0a51ab8ed75b">
      <Execution id="d55c294b-4682-41ab-b7de-c0b481584acf" />
      <TestMethod codeBase="C:/Users/TiDK/Desktop/QLKhachSan/QLKhachSan/TestQLKhachSan/bin/Debug/TestQLKhachSan.DLL" adapterTypeName="Microsoft.VisualStudio.TestTools.TestTypes.Unit.UnitTestAdapter, Microsoft.VisualStudio.QualityTools.Tips.UnitTest.Adapter, Version=10.0.0.0, Culture=neutral, PublicKeyToken=b03f5f7f11d50a3a" className="TestQLKhachSan.UnitTestFrmLogin, TestQLKhachSan, Version=1.0.0.0, Culture=neutral, PublicKeyToken=null" name="TestDangSaiPassword" />
    </UnitTest>
    <UnitTest name="TestKhongNhapUserName" storage="c:\users\tidk\desktop\qlkhachsan\qlkhachsan\testqlkhachsan\bin\debug\testqlkhachsan.dll" id="2344bcb5-3ea9-479e-05d9-6cd17e79e20d">
      <Execution id="0bc9deba-6c02-4fc5-8f05-c96db8ea37d9" />
      <TestMethod codeBase="C:/Users/TiDK/Desktop/QLKhachSan/QLKhachSan/TestQLKhachSan/bin/Debug/TestQLKhachSan.DLL" adapterTypeName="Microsoft.VisualStudio.TestTools.TestTypes.Unit.UnitTestAdapter, Microsoft.VisualStudio.QualityTools.Tips.UnitTest.Adapter, Version=10.0.0.0, Culture=neutral, PublicKeyToken=b03f5f7f11d50a3a" className="TestQLKhachSan.UnitTestFrmLogin, TestQLKhachSan, Version=1.0.0.0, Culture=neutral, PublicKeyToken=null" name="TestKhongNhapUserName" />
    </UnitTest>
    <UnitTest name="TestThemNhanVienThanhCong" storage="c:\users\tidk\desktop\qlkhachsan\qlkhachsan\testqlkhachsan\bin\debug\testqlkhachsan.dll" id="313443e5-d244-e884-a4cb-ddc2262c1ae6">
      <Execution id="2303156e-098b-49de-a6e9-98ac7c805bcf" />
      <TestMethod codeBase="C:/Users/TiDK/Desktop/QLKhachSan/QLKhachSan/TestQLKhachSan/bin/Debug/TestQLKhachSan.DLL" adapterTypeName="Microsoft.VisualStudio.TestTools.TestTypes.Unit.UnitTestAdapter, Microsoft.VisualStudio.QualityTools.Tips.UnitTest.Adapter, Version=10.0.0.0, Culture=neutral, PublicKeyToken=b03f5f7f11d50a3a" className="TestQLKhachSan.UnitTestFrmQuanLyNhanVien, TestQLKhachSan, Version=1.0.0.0, Culture=neutral, PublicKeyToken=null" name="TestThemNhanVienThanhCong" />
    </UnitTest>
    <UnitTest name="TestDangNhapThanhCong" storage="c:\users\tidk\desktop\qlkhachsan\qlkhachsan\testqlkhachsan\bin\debug\testqlkhachsan.dll" id="736986ec-f14e-2b8f-8436-bdb1ccb24237">
      <Execution id="442697f5-e6a4-45ec-8566-c305d0d6c441" />
      <TestMethod codeBase="C:/Users/TiDK/Desktop/QLKhachSan/QLKhachSan/TestQLKhachSan/bin/Debug/TestQLKhachSan.DLL" adapterTypeName="Microsoft.VisualStudio.TestTools.TestTypes.Unit.UnitTestAdapter, Microsoft.VisualStudio.QualityTools.Tips.UnitTest.Adapter, Version=10.0.0.0, Culture=neutral, PublicKeyToken=b03f5f7f11d50a3a" className="TestQLKhachSan.UnitTestFrmLogin, TestQLKhachSan, Version=1.0.0.0, Culture=neutral, PublicKeyToken=null" name="TestDangNhapThanhCong" />
    </UnitTest>
    <UnitTest name="TestThemKhachHangThanhCong" storage="c:\users\tidk\desktop\qlkhachsan\qlkhachsan\testqlkhachsan\bin\debug\testqlkhachsan.dll" id="156d54dd-a59d-e831-0f56-09ce34b23bc4">
      <Execution id="3969ee46-286d-49ad-b734-ecddf2703d68" />
      <TestMethod codeBase="C:/Users/TiDK/Desktop/QLKhachSan/QLKhachSan/TestQLKhachSan/bin/Debug/TestQLKhachSan.DLL" adapterTypeName="Microsoft.VisualStudio.TestTools.TestTypes.Unit.UnitTestAdapter, Microsoft.VisualStudio.QualityTools.Tips.UnitTest.Adapter, Version=10.0.0.0, Culture=neutral, PublicKeyToken=b03f5f7f11d50a3a" className="TestQLKhachSan.UnitTestFrmQuanLyKhachHang, TestQLKhachSan, Version=1.0.0.0, Culture=neutral, PublicKeyToken=null" name="TestThemKhachHangThanhCong" />
    </UnitTest>
    <UnitTest name="TestXoaNhanVienKhongThanhCong" storage="c:\users\tidk\desktop\qlkhachsan\qlkhachsan\testqlkhachsan\bin\debug\testqlkhachsan.dll" id="f94960e2-b20e-03b5-7a2b-18eb5f87f19d">
      <Execution id="d71b5e4a-64d3-46c4-858a-28f7bab028b1" />
      <TestMethod codeBase="C:/Users/TiDK/Desktop/QLKhachSan/QLKhachSan/TestQLKhachSan/bin/Debug/TestQLKhachSan.DLL" adapterTypeName="Microsoft.VisualStudio.TestTools.TestTypes.Unit.UnitTestAdapter, Microsoft.VisualStudio.QualityTools.Tips.UnitTest.Adapter, Version=10.0.0.0, Culture=neutral, PublicKeyToken=b03f5f7f11d50a3a" className="TestQLKhachSan.UnitTestFrmQuanLyNhanVien, TestQLKhachSan, Version=1.0.0.0, Culture=neutral, PublicKeyToken=null" name="TestXoaNhanVienKhongThanhCong" />
    </UnitTest>
    <UnitTest name="TestKhongNhapUserNameVaPassword" storage="c:\users\tidk\desktop\qlkhachsan\qlkhachsan\testqlkhachsan\bin\debug\testqlkhachsan.dll" id="3280187f-31aa-6bdc-2c0f-5a1eafefeb27">
      <Execution id="fa193ebf-215f-4b69-abdb-383a662c9381" />
      <TestMethod codeBase="C:/Users/TiDK/Desktop/QLKhachSan/QLKhachSan/TestQLKhachSan/bin/Debug/TestQLKhachSan.DLL" adapterTypeName="Microsoft.VisualStudio.TestTools.TestTypes.Unit.UnitTestAdapter, Microsoft.VisualStudio.QualityTools.Tips.UnitTest.Adapter, Version=10.0.0.0, Culture=neutral, PublicKeyToken=b03f5f7f11d50a3a" className="TestQLKhachSan.UnitTestFrmLogin, TestQLKhachSan, Version=1.0.0.0, Culture=neutral, PublicKeyToken=null" name="TestKhongNhapUserNameVaPassword" />
    </UnitTest>
    <UnitTest name="TestXoaNhanVienThanhCong" storage="c:\users\tidk\desktop\qlkhachsan\qlkhachsan\testqlkhachsan\bin\debug\testqlkhachsan.dll" id="2d2b505a-8642-8d9a-a58b-d31804105af5">
      <Execution id="fdb295b7-f5f8-4811-bc6b-cf4a8b1b8f2d" />
      <TestMethod codeBase="C:/Users/TiDK/Desktop/QLKhachSan/QLKhachSan/TestQLKhachSan/bin/Debug/TestQLKhachSan.DLL" adapterTypeName="Microsoft.VisualStudio.TestTools.TestTypes.Unit.UnitTestAdapter, Microsoft.VisualStudio.QualityTools.Tips.UnitTest.Adapter, Version=10.0.0.0, Culture=neutral, PublicKeyToken=b03f5f7f11d50a3a" className="TestQLKhachSan.UnitTestFrmQuanLyNhanVien, TestQLKhachSan, Version=1.0.0.0, Culture=neutral, PublicKeyToken=null" name="TestXoaNhanVienThanhCong" />
    </UnitTest>
    <UnitTest name="TestXoaKhachHangThanhCong" storage="c:\users\tidk\desktop\qlkhachsan\qlkhachsan\testqlkhachsan\bin\debug\testqlkhachsan.dll" id="63a4c5ca-7b87-667d-0577-33caf9207c46">
      <Execution id="6c696c99-162b-4d3e-8be5-de8f84e7b0f7" />
      <TestMethod codeBase="C:/Users/TiDK/Desktop/QLKhachSan/QLKhachSan/TestQLKhachSan/bin/Debug/TestQLKhachSan.DLL" adapterTypeName="Microsoft.VisualStudio.TestTools.TestTypes.Unit.UnitTestAdapter, Microsoft.VisualStudio.QualityTools.Tips.UnitTest.Adapter, Version=10.0.0.0, Culture=neutral, PublicKeyToken=b03f5f7f11d50a3a" className="TestQLKhachSan.UnitTestFrmQuanLyKhachHang, TestQLKhachSan, Version=1.0.0.0, Culture=neutral, PublicKeyToken=null" name="TestXoaKhachHangThanhCong" />
    </UnitTest>
    <UnitTest name="TestThemKhachHangKhongThanhCongDoTrungMaKH" storage="c:\users\tidk\desktop\qlkhachsan\qlkhachsan\testqlkhachsan\bin\debug\testqlkhachsan.dll" id="58cc2e5d-693b-b95e-1a1a-022af3af908c">
      <Execution id="20ced14e-89a0-406f-a696-177c5013d74e" />
      <TestMethod codeBase="C:/Users/TiDK/Desktop/QLKhachSan/QLKhachSan/TestQLKhachSan/bin/Debug/TestQLKhachSan.DLL" adapterTypeName="Microsoft.VisualStudio.TestTools.TestTypes.Unit.UnitTestAdapter, Microsoft.VisualStudio.QualityTools.Tips.UnitTest.Adapter, Version=10.0.0.0, Culture=neutral, PublicKeyToken=b03f5f7f11d50a3a" className="TestQLKhachSan.UnitTestFrmQuanLyKhachHang, TestQLKhachSan, Version=1.0.0.0, Culture=neutral, PublicKeyToken=null" name="TestThemKhachHangKhongThanhCongDoTrungMaKH" />
    </UnitTest>
    <UnitTest name="TestKhongNhapPassword" storage="c:\users\tidk\desktop\qlkhachsan\qlkhachsan\testqlkhachsan\bin\debug\testqlkhachsan.dll" id="602b0673-3044-ad46-fe8a-b5704d8a6e5c">
      <Execution id="1883ba77-3075-4c06-b063-7b557f876d2f" />
      <TestMethod codeBase="C:/Users/TiDK/Desktop/QLKhachSan/QLKhachSan/TestQLKhachSan/bin/Debug/TestQLKhachSan.DLL" adapterTypeName="Microsoft.VisualStudio.TestTools.TestTypes.Unit.UnitTestAdapter, Microsoft.VisualStudio.QualityTools.Tips.UnitTest.Adapter, Version=10.0.0.0, Culture=neutral, PublicKeyToken=b03f5f7f11d50a3a" className="TestQLKhachSan.UnitTestFrmLogin, TestQLKhachSan, Version=1.0.0.0, Culture=neutral, PublicKeyToken=null" name="TestKhongNhapPassword" />
    </UnitTest>
    <UnitTest name="TestCapNhatPhongThanhCong" storage="c:\users\tidk\desktop\qlkhachsan\qlkhachsan\testqlkhachsan\bin\debug\testqlkhachsan.dll" id="94ee60ff-dfe4-3a68-cd44-4967800eb584">
      <Execution id="0018c842-fe40-4d54-b821-7dbcc469a3e1" />
      <TestMethod codeBase="C:/Users/TiDK/Desktop/QLKhachSan/QLKhachSan/TestQLKhachSan/bin/Debug/TestQLKhachSan.DLL" adapterTypeName="Microsoft.VisualStudio.TestTools.TestTypes.Unit.UnitTestAdapter, Microsoft.VisualStudio.QualityTools.Tips.UnitTest.Adapter, Version=10.0.0.0, Culture=neutral, PublicKeyToken=b03f5f7f11d50a3a" className="TestQLKhachSan.UnitTestFrmQuanLyPhong, TestQLKhachSan, Version=1.0.0.0, Culture=neutral, PublicKeyToken=null" name="TestCapNhatPhongThanhCong" />
    </UnitTest>
    <UnitTest name="TestXoaKhachHangKhongThanhCong" storage="c:\users\tidk\desktop\qlkhachsan\qlkhachsan\testqlkhachsan\bin\debug\testqlkhachsan.dll" id="12ff4878-078a-9fcd-8c58-899bd0f74036">
      <Execution id="71a7a9b9-551a-4841-8e54-5cf33702fe1a" />
      <TestMethod codeBase="C:/Users/TiDK/Desktop/QLKhachSan/QLKhachSan/TestQLKhachSan/bin/Debug/TestQLKhachSan.DLL" adapterTypeName="Microsoft.VisualStudio.TestTools.TestTypes.Unit.UnitTestAdapter, Microsoft.VisualStudio.QualityTools.Tips.UnitTest.Adapter, Version=10.0.0.0, Culture=neutral, PublicKeyToken=b03f5f7f11d50a3a" className="TestQLKhachSan.UnitTestFrmQuanLyKhachHang, TestQLKhachSan, Version=1.0.0.0, Culture=neutral, PublicKeyToken=null" name="TestXoaKhachHangKhongThanhCong" />
    </UnitTest>
    <UnitTest name="TestThemNhanVienKhongThanhCongDoTrungMaNV" storage="c:\users\tidk\desktop\qlkhachsan\qlkhachsan\testqlkhachsan\bin\debug\testqlkhachsan.dll" id="350b5ade-1e11-59e3-fe07-222dec2b9597">
      <Execution id="d3bed8f8-1664-4614-befd-120f068da499" />
      <TestMethod codeBase="C:/Users/TiDK/Desktop/QLKhachSan/QLKhachSan/TestQLKhachSan/bin/Debug/TestQLKhachSan.DLL" adapterTypeName="Microsoft.VisualStudio.TestTools.TestTypes.Unit.UnitTestAdapter, Microsoft.VisualStudio.QualityTools.Tips.UnitTest.Adapter, Version=10.0.0.0, Culture=neutral, PublicKeyToken=b03f5f7f11d50a3a" className="TestQLKhachSan.UnitTestFrmQuanLyNhanVien, TestQLKhachSan, Version=1.0.0.0, Culture=neutral, PublicKeyToken=null" name="TestThemNhanVienKhongThanhCongDoTrungMaNV" />
    </UnitTest>
    <UnitTest name="TestCapNhatNhanVienThanhCong" storage="c:\users\tidk\desktop\qlkhachsan\qlkhachsan\testqlkhachsan\bin\debug\testqlkhachsan.dll" id="fd98eb85-94ec-6997-f94b-c5767cf892d4">
      <Execution id="47857e3b-4df7-4bb4-9ed6-cfeb5f8bb9f5" />
      <TestMethod codeBase="C:/Users/TiDK/Desktop/QLKhachSan/QLKhachSan/TestQLKhachSan/bin/Debug/TestQLKhachSan.DLL" adapterTypeName="Microsoft.VisualStudio.TestTools.TestTypes.Unit.UnitTestAdapter, Microsoft.VisualStudio.QualityTools.Tips.UnitTest.Adapter, Version=10.0.0.0, Culture=neutral, PublicKeyToken=b03f5f7f11d50a3a" className="TestQLKhachSan.UnitTestFrmQuanLyNhanVien, TestQLKhachSan, Version=1.0.0.0, Culture=neutral, PublicKeyToken=null" name="TestCapNhatNhanVienThanhCong" />
    </UnitTest>
  </TestDefinitions>
  <TestLists>
    <TestList name="Results Not in a List" id="8c84fa94-04c1-424b-9868-57a2d4851a1d" />
    <TestList name="All Loaded Results" id="19431567-8539-422a-85d7-44ee4e166bda" />
  </TestLists>
  <TestEntries>
    <TestEntry testId="0b4ec09c-c971-be03-ce00-0a51ab8ed75b" executionId="d55c294b-4682-41ab-b7de-c0b481584acf" testListId="8c84fa94-04c1-424b-9868-57a2d4851a1d" />
    <TestEntry testId="12ff4878-078a-9fcd-8c58-899bd0f74036" executionId="71a7a9b9-551a-4841-8e54-5cf33702fe1a" testListId="8c84fa94-04c1-424b-9868-57a2d4851a1d" />
    <TestEntry testId="156d54dd-a59d-e831-0f56-09ce34b23bc4" executionId="3969ee46-286d-49ad-b734-ecddf2703d68" testListId="8c84fa94-04c1-424b-9868-57a2d4851a1d" />
    <TestEntry testId="20b0ec0f-1781-d0db-06f5-1f2b50da1bd6" executionId="84640d8d-bf1c-462d-884c-2f414666d30e" testListId="8c84fa94-04c1-424b-9868-57a2d4851a1d" />
    <TestEntry testId="2344bcb5-3ea9-479e-05d9-6cd17e79e20d" executionId="0bc9deba-6c02-4fc5-8f05-c96db8ea37d9" testListId="8c84fa94-04c1-424b-9868-57a2d4851a1d" />
    <TestEntry testId="2d2b505a-8642-8d9a-a58b-d31804105af5" executionId="fdb295b7-f5f8-4811-bc6b-cf4a8b1b8f2d" testListId="8c84fa94-04c1-424b-9868-57a2d4851a1d" />
    <TestEntry testId="313443e5-d244-e884-a4cb-ddc2262c1ae6" executionId="2303156e-098b-49de-a6e9-98ac7c805bcf" testListId="8c84fa94-04c1-424b-9868-57a2d4851a1d" />
    <TestEntry testId="3280187f-31aa-6bdc-2c0f-5a1eafefeb27" executionId="fa193ebf-215f-4b69-abdb-383a662c9381" testListId="8c84fa94-04c1-424b-9868-57a2d4851a1d" />
    <TestEntry testId="350b5ade-1e11-59e3-fe07-222dec2b9597" executionId="d3bed8f8-1664-4614-befd-120f068da499" testListId="8c84fa94-04c1-424b-9868-57a2d4851a1d" />
    <TestEntry testId="58cc2e5d-693b-b95e-1a1a-022af3af908c" executionId="20ced14e-89a0-406f-a696-177c5013d74e" testListId="8c84fa94-04c1-424b-9868-57a2d4851a1d" />
    <TestEntry testId="602b0673-3044-ad46-fe8a-b5704d8a6e5c" executionId="1883ba77-3075-4c06-b063-7b557f876d2f" testListId="8c84fa94-04c1-424b-9868-57a2d4851a1d" />
    <TestEntry testId="62a494b3-c77c-4c5b-9db8-61c8c948766c" executionId="5b0b5fae-24c3-4e8c-bd55-f02cc936e991" testListId="8c84fa94-04c1-424b-9868-57a2d4851a1d" />
    <TestEntry testId="63a4c5ca-7b87-667d-0577-33caf9207c46" executionId="6c696c99-162b-4d3e-8be5-de8f84e7b0f7" testListId="8c84fa94-04c1-424b-9868-57a2d4851a1d" />
    <TestEntry testId="736986ec-f14e-2b8f-8436-bdb1ccb24237" executionId="442697f5-e6a4-45ec-8566-c305d0d6c441" testListId="8c84fa94-04c1-424b-9868-57a2d4851a1d" />
    <TestEntry testId="94ee60ff-dfe4-3a68-cd44-4967800eb584" executionId="0018c842-fe40-4d54-b821-7dbcc469a3e1" testListId="8c84fa94-04c1-424b-9868-57a2d4851a1d" />
    <TestEntry testId="f94960e2-b20e-03b5-7a2b-18eb5f87f19d" executionId="d71b5e4a-64d3-46c4-858a-28f7bab028b1" testListId="8c84fa94-04c1-424b-9868-57a2d4851a1d" />
    <TestEntry testId="fd98eb85-94ec-6997-f94b-c5767cf892d4" executionId="47857e3b-4df7-4bb4-9ed6-cfeb5f8bb9f5" testListId="8c84fa94-04c1-424b-9868-57a2d4851a1d" />
  </TestEntries>
  <Results>
    <UnitTestResult executionId="d55c294b-4682-41ab-b7de-c0b481584acf" testId="0b4ec09c-c971-be03-ce00-0a51ab8ed75b" testName="TestDangSaiPassword" computerName="TIDK-PC" duration="00:00:00.0136948" startTime="2019-11-17T09:12:53.1160783+07:00" endTime="2019-11-17T09:12:53.3968788+07:00" testType="13cdc9d9-ddb5-4fa4-a97d-d965ccfc6d4b" outcome="Passed" testListId="8c84fa94-04c1-424b-9868-57a2d4851a1d" relativeResultsDirectory="d55c294b-4682-41ab-b7de-c0b481584acf">
    </UnitTestResult>
    <UnitTestResult executionId="71a7a9b9-551a-4841-8e54-5cf33702fe1a" testId="12ff4878-078a-9fcd-8c58-899bd0f74036" testName="TestXoaKhachHangKhongThanhCong" computerName="TIDK-PC" duration="00:00:00.0161276" startTime="2019-11-17T09:12:53.3968788+07:00" endTime="2019-11-17T09:12:53.4280788+07:00" testType="13cdc9d9-ddb5-4fa4-a97d-d965ccfc6d4b" outcome="Passed" testListId="8c84fa94-04c1-424b-9868-57a2d4851a1d" relativeResultsDirectory="71a7a9b9-551a-4841-8e54-5cf33702fe1a">
    </UnitTestResult>
    <UnitTestResult executionId="3969ee46-286d-49ad-b734-ecddf2703d68" testId="156d54dd-a59d-e831-0f56-09ce34b23bc4" testName="TestThemKhachHangThanhCong" computerName="TIDK-PC" duration="00:00:00.0024296" startTime="2019-11-17T09:12:53.4280788+07:00" endTime="2019-11-17T09:12:53.4280788+07:00" testType="13cdc9d9-ddb5-4fa4-a97d-d965ccfc6d4b" outcome="Passed" testListId="8c84fa94-04c1-424b-9868-57a2d4851a1d" relativeResultsDirectory="3969ee46-286d-49ad-b734-ecddf2703d68">
    </UnitTestResult>
    <UnitTestResult executionId="84640d8d-bf1c-462d-884c-2f414666d30e" testId="20b0ec0f-1781-d0db-06f5-1f2b50da1bd6" testName="TestDangNhapSaiUsername" computerName="TIDK-PC" duration="00:00:00.0002061" startTime="2019-11-17T09:12:53.4280788+07:00" endTime="2019-11-17T09:12:53.4436789+07:00" testType="13cdc9d9-ddb5-4fa4-a97d-d965ccfc6d4b" outcome="Passed" testListId="8c84fa94-04c1-424b-9868-57a2d4851a1d" relativeResultsDirectory="84640d8d-bf1c-462d-884c-2f414666d30e">
    </UnitTestResult>
    <UnitTestResult executionId="0bc9deba-6c02-4fc5-8f05-c96db8ea37d9" testId="2344bcb5-3ea9-479e-05d9-6cd17e79e20d" testName="TestKhongNhapUserName" computerName="TIDK-PC" duration="00:00:00.0002074" startTime="2019-11-17T09:12:53.4436789+07:00" endTime="2019-11-17T09:12:53.4436789+07:00" testType="13cdc9d9-ddb5-4fa4-a97d-d965ccfc6d4b" outcome="Passed" testListId="8c84fa94-04c1-424b-9868-57a2d4851a1d" relativeResultsDirectory="0bc9deba-6c02-4fc5-8f05-c96db8ea37d9">
    </UnitTestResult>
    <UnitTestResult executionId="fdb295b7-f5f8-4811-bc6b-cf4a8b1b8f2d" testId="2d2b505a-8642-8d9a-a58b-d31804105af5" testName="TestXoaNhanVienThanhCong" computerName="TIDK-PC" duration="00:00:00.0076276" startTime="2019-11-17T09:12:53.4592789+07:00" endTime="2019-11-17T09:12:53.4592789+07:00" testType="13cdc9d9-ddb5-4fa4-a97d-d965ccfc6d4b" outcome="Passed" testListId="8c84fa94-04c1-424b-9868-57a2d4851a1d" relativeResultsDirectory="fdb295b7-f5f8-4811-bc6b-cf4a8b1b8f2d">
    </UnitTestResult>
    <UnitTestResult executionId="2303156e-098b-49de-a6e9-98ac7c805bcf" testId="313443e5-d244-e884-a4cb-ddc2262c1ae6" testName="TestThemNhanVienThanhCong" computerName="TIDK-PC" duration="00:00:00.0027196" startTime="2019-11-17T09:12:53.4748789+07:00" endTime="2019-11-17T09:12:53.4748789+07:00" testType="13cdc9d9-ddb5-4fa4-a97d-d965ccfc6d4b" outcome="Passed" testListId="8c84fa94-04c1-424b-9868-57a2d4851a1d" relativeResultsDirectory="2303156e-098b-49de-a6e9-98ac7c805bcf">
    </UnitTestResult>
    <UnitTestResult executionId="fa193ebf-215f-4b69-abdb-383a662c9381" testId="3280187f-31aa-6bdc-2c0f-5a1eafefeb27" testName="TestKhongNhapUserNameVaPassword" computerName="TIDK-PC" duration="00:00:00.0002123" startTime="2019-11-17T09:12:53.4748789+07:00" endTime="2019-11-17T09:12:53.4904790+07:00" testType="13cdc9d9-ddb5-4fa4-a97d-d965ccfc6d4b" outcome="Passed" testListId="8c84fa94-04c1-424b-9868-57a2d4851a1d" relativeResultsDirectory="fa193ebf-215f-4b69-abdb-383a662c9381">
    </UnitTestResult>
    <UnitTestResult executionId="d3bed8f8-1664-4614-befd-120f068da499" testId="350b5ade-1e11-59e3-fe07-222dec2b9597" testName="TestThemNhanVienKhongThanhCongDoTrungMaNV" computerName="TIDK-PC" duration="00:00:00.0028544" startTime="2019-11-17T09:12:53.4904790+07:00" endTime="2019-11-17T09:12:53.4904790+07:00" testType="13cdc9d9-ddb5-4fa4-a97d-d965ccfc6d4b" outcome="Passed" testListId="8c84fa94-04c1-424b-9868-57a2d4851a1d" relativeResultsDirectory="d3bed8f8-1664-4614-befd-120f068da499">
    </UnitTestResult>
    <UnitTestResult executionId="20ced14e-89a0-406f-a696-177c5013d74e" testId="58cc2e5d-693b-b95e-1a1a-022af3af908c" testName="TestThemKhachHangKhongThanhCongDoTrungMaKH" computerName="TIDK-PC" duration="00:00:00.0024662" startTime="2019-11-17T09:12:53.4904790+07:00" endTime="2019-11-17T09:12:53.5060790+07:00" testType="13cdc9d9-ddb5-4fa4-a97d-d965ccfc6d4b" outcome="Passed" testListId="8c84fa94-04c1-424b-9868-57a2d4851a1d" relativeResultsDirectory="20ced14e-89a0-406f-a696-177c5013d74e">
    </UnitTestResult>
    <UnitTestResult executionId="1883ba77-3075-4c06-b063-7b557f876d2f" testId="602b0673-3044-ad46-fe8a-b5704d8a6e5c" testName="TestKhongNhapPassword" computerName="TIDK-PC" duration="00:00:00.0002039" startTime="2019-11-17T09:12:53.5060790+07:00" endTime="2019-11-17T09:12:53.5216790+07:00" testType="13cdc9d9-ddb5-4fa4-a97d-d965ccfc6d4b" outcome="Passed" testListId="8c84fa94-04c1-424b-9868-57a2d4851a1d" relativeResultsDirectory="1883ba77-3075-4c06-b063-7b557f876d2f">
    </UnitTestResult>
    <UnitTestResult executionId="5b0b5fae-24c3-4e8c-bd55-f02cc936e991" testId="62a494b3-c77c-4c5b-9db8-61c8c948766c" testName="TestCapNhatKhachHangThanhCong" computerName="TIDK-PC" duration="00:00:00.0049021" startTime="2019-11-17T09:12:53.5216790+07:00" endTime="2019-11-17T09:12:53.5372790+07:00" testType="13cdc9d9-ddb5-4fa4-a97d-d965ccfc6d4b" outcome="Passed" testListId="8c84fa94-04c1-424b-9868-57a2d4851a1d" relativeResultsDirectory="5b0b5fae-24c3-4e8c-bd55-f02cc936e991">
    </UnitTestResult>
    <UnitTestResult executionId="6c696c99-162b-4d3e-8be5-de8f84e7b0f7" testId="63a4c5ca-7b87-667d-0577-33caf9207c46" testName="TestXoaKhachHangThanhCong" computerName="TIDK-PC" duration="00:00:00.0025742" startTime="2019-11-17T09:12:53.5372790+07:00" endTime="2019-11-17T09:12:53.5372790+07:00" testType="13cdc9d9-ddb5-4fa4-a97d-d965ccfc6d4b" outcome="Passed" testListId="8c84fa94-04c1-424b-9868-57a2d4851a1d" relativeResultsDirectory="6c696c99-162b-4d3e-8be5-de8f84e7b0f7">
    </UnitTestResult>
    <UnitTestResult executionId="442697f5-e6a4-45ec-8566-c305d0d6c441" testId="736986ec-f14e-2b8f-8436-bdb1ccb24237" testName="TestDangNhapThanhCong" computerName="TIDK-PC" duration="00:00:00.0002132" startTime="2019-11-17T09:12:53.5528791+07:00" endTime="2019-11-17T09:12:53.5528791+07:00" testType="13cdc9d9-ddb5-4fa4-a97d-d965ccfc6d4b" outcome="Passed" testListId="8c84fa94-04c1-424b-9868-57a2d4851a1d" relativeResultsDirectory="442697f5-e6a4-45ec-8566-c305d0d6c441">
    </UnitTestResult>
    <UnitTestResult executionId="0018c842-fe40-4d54-b821-7dbcc469a3e1" testId="94ee60ff-dfe4-3a68-cd44-4967800eb584" testName="TestCapNhatPhongThanhCong" computerName="TIDK-PC" duration="00:00:00.0082625" startTime="2019-11-17T09:12:53.5528791+07:00" endTime="2019-11-17T09:12:53.5684791+07:00" testType="13cdc9d9-ddb5-4fa4-a97d-d965ccfc6d4b" outcome="Passed" testListId="8c84fa94-04c1-424b-9868-57a2d4851a1d" relativeResultsDirectory="0018c842-fe40-4d54-b821-7dbcc469a3e1">
    </UnitTestResult>
    <UnitTestResult executionId="d71b5e4a-64d3-46c4-858a-28f7bab028b1" testId="f94960e2-b20e-03b5-7a2b-18eb5f87f19d" testName="TestXoaNhanVienKhongThanhCong" computerName="TIDK-PC" duration="00:00:00.0028276" startTime="2019-11-17T09:12:53.5684791+07:00" endTime="2019-11-17T09:12:53.5840791+07:00" testType="13cdc9d9-ddb5-4fa4-a97d-d965ccfc6d4b" outcome="Passed" testListId="8c84fa94-04c1-424b-9868-57a2d4851a1d" relativeResultsDirectory="d71b5e4a-64d3-46c4-858a-28f7bab028b1">
    </UnitTestResult>
    <UnitTestResult executionId="47857e3b-4df7-4bb4-9ed6-cfeb5f8bb9f5" testId="fd98eb85-94ec-6997-f94b-c5767cf892d4" testName="TestCapNhatNhanVienThanhCong" computerName="TIDK-PC" duration="00:00:00.0028709" startTime="2019-11-17T09:12:53.5840791+07:00" endTime="2019-11-17T09:12:53.5840791+07:00" testType="13cdc9d9-ddb5-4fa4-a97d-d965ccfc6d4b" outcome="Passed" testListId="8c84fa94-04c1-424b-9868-57a2d4851a1d" relativeResultsDirectory="47857e3b-4df7-4bb4-9ed6-cfeb5f8bb9f5">
    </UnitTestResult>
  </Results>
</TestRun>