<?xml version="1.0" encoding="UTF-8"?>
<TestRun id="f1582aab-fa0e-4e1f-aade-f9f5ce734a9c" name="TiDK@TIDK-PC 2019-11-16 09:53:50" runUser="TiDK-PC\TiDK" xmlns="http://microsoft.com/schemas/VisualStudio/TeamTest/2010">
  <TestSettings name="Local" id="4832f6f6-0122-46c3-a19a-a0aebfdfd26e">
    <Description>These are default test settings for a local test run.</Description>
    <Deployment enabled="false" runDeploymentRoot="TiDK_TIDK-PC 2019-11-16 09_53_50">
      <DeploymentItem filename="C:\Users\TiDK\Desktop\QLKhachSan\QLKhachSan\QLKhachSan\bin\Debug\QLKhachSan.exe" />
    </Deployment>
    <Execution>
      <TestTypeSpecific />
      <AgentRule name="Execution Agents">
      </AgentRule>
    </Execution>
  </TestSettings>
  <Times creation="2019-11-16T09:53:50.8563350+07:00" queuing="2019-11-16T09:53:50.8823365+07:00" start="2019-11-16T09:53:50.9063379+07:00" finish="2019-11-16T09:53:51.2083551+07:00" />
  <ResultSummary outcome="Completed">
    <Counters total="1" executed="1" passed="1" error="0" failed="0" timeout="0" aborted="0" inconclusive="0" passedButRunAborted="0" notRunnable="0" notExecuted="0" disconnected="0" warning="0" completed="0" inProgress="0" pending="0" />
  </ResultSummary>
  <TestDefinitions>
    <UnitTest name="TestThemKhachHangKhongThanhCongDoTrungMaNV" storage="c:\users\tidk\desktop\qlkhachsan\qlkhachsan\testqlkhachsan\bin\debug\testqlkhachsan.dll" id="38a5e472-6f4c-6484-989c-9d1cbe5ec2fb">
      <Execution id="c19c49b8-8725-4fa0-806d-21f153c7fda9" />
      <TestMethod codeBase="C:/Users/TiDK/Desktop/QLKhachSan/QLKhachSan/TestQLKhachSan/bin/Debug/TestQLKhachSan.DLL" adapterTypeName="Microsoft.VisualStudio.TestTools.TestTypes.Unit.UnitTestAdapter, Microsoft.VisualStudio.QualityTools.Tips.UnitTest.Adapter, Version=10.0.0.0, Culture=neutral, PublicKeyToken=b03f5f7f11d50a3a" className="TestQLKhachSan.UnitTestFrmQuanLyKhachHang, TestQLKhachSan, Version=1.0.0.0, Culture=neutral, PublicKeyToken=null" name="TestThemKhachHangKhongThanhCongDoTrungMaNV" />
    </UnitTest>
  </TestDefinitions>
  <TestLists>
    <TestList name="Results Not in a List" id="8c84fa94-04c1-424b-9868-57a2d4851a1d" />
    <TestList name="All Loaded Results" id="19431567-8539-422a-85d7-44ee4e166bda" />
  </TestLists>
  <TestEntries>
    <TestEntry testId="38a5e472-6f4c-6484-989c-9d1cbe5ec2fb" executionId="c19c49b8-8725-4fa0-806d-21f153c7fda9" testListId="8c84fa94-04c1-424b-9868-57a2d4851a1d" />
  </TestEntries>
  <Results>
    <UnitTestResult executionId="c19c49b8-8725-4fa0-806d-21f153c7fda9" testId="38a5e472-6f4c-6484-989c-9d1cbe5ec2fb" testName="TestThemKhachHangKhongThanhCongDoTrungMaNV" computerName="TIDK-PC" duration="00:00:00.0284809" startTime="2019-11-16T09:53:50.9063379+07:00" endTime="2019-11-16T09:53:51.1933543+07:00" testType="13cdc9d9-ddb5-4fa4-a97d-d965ccfc6d4b" outcome="Passed" testListId="8c84fa94-04c1-424b-9868-57a2d4851a1d" relativeResultsDirectory="c19c49b8-8725-4fa0-806d-21f153c7fda9">
    </UnitTestResult>
  </Results>
</TestRun>