<?xml version="1.0" encoding="UTF-8"?>
<TestRun id="8d6cab21-2537-44f7-8f08-0631625698ce" name="TiDK@TIDK-PC 2019-11-17 08:53:18" runUser="TiDK-PC\TiDK" xmlns="http://microsoft.com/schemas/VisualStudio/TeamTest/2010">
  <TestSettings name="Local" id="4832f6f6-0122-46c3-a19a-a0aebfdfd26e">
    <Description>These are default test settings for a local test run.</Description>
    <Deployment enabled="false" runDeploymentRoot="TiDK_TIDK-PC 2019-11-17 08_53_18">
      <DeploymentItem filename="C:\Users\TiDK\Desktop\QLKhachSan\QLKhachSan\QLKhachSan\bin\Debug\QLKhachSan.exe" />
    </Deployment>
    <Execution>
      <TestTypeSpecific />
      <AgentRule name="Execution Agents">
      </AgentRule>
    </Execution>
  </TestSettings>
  <Times creation="2019-11-17T08:53:18.7868000+07:00" queuing="2019-11-17T08:53:18.8626018+07:00" start="2019-11-17T08:53:18.8938018+07:00" finish="2019-11-17T08:53:19.2058024+07:00" />
  <ResultSummary outcome="Failed">
    <Counters total="1" executed="1" error="0" failed="1" timeout="0" aborted="0" inconclusive="0" passedButRunAborted="0" notRunnable="0" notExecuted="0" disconnected="0" warning="0" passed="0" completed="0" inProgress="0" pending="0" />
  </ResultSummary>
  <TestDefinitions>
    <UnitTest name="TestXoaKhachHangKhongThanhCong" storage="c:\users\tidk\desktop\qlkhachsan\qlkhachsan\testqlkhachsan\bin\debug\testqlkhachsan.dll" id="12ff4878-078a-9fcd-8c58-899bd0f74036">
      <Execution id="76599fbe-0a5d-42f8-85be-d550a8ff6d45" />
      <TestMethod codeBase="C:/Users/TiDK/Desktop/QLKhachSan/QLKhachSan/TestQLKhachSan/bin/Debug/TestQLKhachSan.DLL" adapterTypeName="Microsoft.VisualStudio.TestTools.TestTypes.Unit.UnitTestAdapter, Microsoft.VisualStudio.QualityTools.Tips.UnitTest.Adapter, Version=10.0.0.0, Culture=neutral, PublicKeyToken=b03f5f7f11d50a3a" className="TestQLKhachSan.UnitTestFrmQuanLyKhachHang, TestQLKhachSan, Version=1.0.0.0, Culture=neutral, PublicKeyToken=null" name="TestXoaKhachHangKhongThanhCong" />
    </UnitTest>
  </TestDefinitions>
  <TestLists>
    <TestList name="Results Not in a List" id="8c84fa94-04c1-424b-9868-57a2d4851a1d" />
    <TestList name="All Loaded Results" id="19431567-8539-422a-85d7-44ee4e166bda" />
  </TestLists>
  <TestEntries>
    <TestEntry testId="12ff4878-078a-9fcd-8c58-899bd0f74036" executionId="76599fbe-0a5d-42f8-85be-d550a8ff6d45" testListId="8c84fa94-04c1-424b-9868-57a2d4851a1d" />
  </TestEntries>
  <Results>
    <UnitTestResult executionId="76599fbe-0a5d-42f8-85be-d550a8ff6d45" testId="12ff4878-078a-9fcd-8c58-899bd0f74036" testName="TestXoaKhachHangKhongThanhCong" computerName="TIDK-PC" duration="00:00:00.0452999" startTime="2019-11-17T08:53:18.9094019+07:00" endTime="2019-11-17T08:53:19.2058024+07:00" testType="13cdc9d9-ddb5-4fa4-a97d-d965ccfc6d4b" outcome="Failed" testListId="8c84fa94-04c1-424b-9868-57a2d4851a1d" relativeResultsDirectory="76599fbe-0a5d-42f8-85be-d550a8ff6d45">
      <Output>
        <ErrorInfo>
          <Message>Assert.AreEqual failed. Expected:&lt;KH2&gt;. Actual:&lt;KH1&gt;. </Message>
          <StackTrace>   at TestQLKhachSan.UnitTestFrmQuanLyKhachHang.TestXoaKhachHangKhongThanhCong() in C:\Users\TiDK\Desktop\QLKhachSan\QLKhachSan\TestQLKhachSan\UnitTestFrmQuanLyKhachHang.cs:line 77
</StackTrace>
        </ErrorInfo>
      </Output>
    </UnitTestResult>
  </Results>
</TestRun>