<?xml version="1.0" encoding="UTF-8"?>
<TestRun id="2753af5f-f21e-4829-bc7a-b64c94d93a13" name="TiDK@TIDK-PC 2019-11-15 17:21:18" runUser="TiDK-PC\TiDK" xmlns="http://microsoft.com/schemas/VisualStudio/TeamTest/2010">
  <TestSettings name="Local" id="4832f6f6-0122-46c3-a19a-a0aebfdfd26e">
    <Description>These are default test settings for a local test run.</Description>
    <Deployment enabled="false" runDeploymentRoot="TiDK_TIDK-PC 2019-11-15 17_21_18">
      <DeploymentItem filename="C:\Users\TiDK\Desktop\QLKhachSan\QLKhachSan\QLKhachSan\bin\Debug\QLKhachSan.exe" />
    </Deployment>
    <Execution>
      <TestTypeSpecific />
      <AgentRule name="Execution Agents">
      </AgentRule>
    </Execution>
  </TestSettings>
  <Times creation="2019-11-15T17:21:18.2188976+07:00" queuing="2019-11-15T17:21:18.2248979+07:00" start="2019-11-15T17:21:18.2404980+07:00" finish="2019-11-15T17:21:18.5992986+07:00" />
  <ResultSummary outcome="Completed">
    <Counters total="6" executed="6" passed="6" error="0" failed="0" timeout="0" aborted="0" inconclusive="0" passedButRunAborted="0" notRunnable="0" notExecuted="0" disconnected="0" warning="0" completed="0" inProgress="0" pending="0" />
  </ResultSummary>
  <TestDefinitions>
    <UnitTest name="TestKhongNhapUserName" storage="c:\users\tidk\desktop\qlkhachsan\qlkhachsan\testformlogin\bin\debug\testformlogin.dll" id="d4cdd5b7-c959-94db-6c9c-63d20cd59a53">
      <Execution id="11e2416d-98e3-4815-8e54-62ead196229f" />
      <TestMethod codeBase="C:/Users/TiDK/Desktop/QLKhachSan/QLKhachSan/TestFormLogin/bin/Debug/TestFormLogin.DLL" adapterTypeName="Microsoft.VisualStudio.TestTools.TestTypes.Unit.UnitTestAdapter, Microsoft.VisualStudio.QualityTools.Tips.UnitTest.Adapter, Version=10.0.0.0, Culture=neutral, PublicKeyToken=b03f5f7f11d50a3a" className="TestFormLogin.UnitTestFormLogin, TestFormLogin, Version=1.0.0.0, Culture=neutral, PublicKeyToken=null" name="TestKhongNhapUserName" />
    </UnitTest>
    <UnitTest name="TestKhongNhapPassword" storage="c:\users\tidk\desktop\qlkhachsan\qlkhachsan\testformlogin\bin\debug\testformlogin.dll" id="dc86a428-8669-f14a-6cf3-fd727cf9a0df">
      <Execution id="13d93f74-132b-4783-8dcb-cd4833638f5f" />
      <TestMethod codeBase="C:/Users/TiDK/Desktop/QLKhachSan/QLKhachSan/TestFormLogin/bin/Debug/TestFormLogin.DLL" adapterTypeName="Microsoft.VisualStudio.TestTools.TestTypes.Unit.UnitTestAdapter, Microsoft.VisualStudio.QualityTools.Tips.UnitTest.Adapter, Version=10.0.0.0, Culture=neutral, PublicKeyToken=b03f5f7f11d50a3a" className="TestFormLogin.UnitTestFormLogin, TestFormLogin, Version=1.0.0.0, Culture=neutral, PublicKeyToken=null" name="TestKhongNhapPassword" />
    </UnitTest>
    <UnitTest name="TestKhongNhapUserNameVaPassword" storage="c:\users\tidk\desktop\qlkhachsan\qlkhachsan\testformlogin\bin\debug\testformlogin.dll" id="3ffcf067-8c0f-cb8f-9160-dedbcd81c4a4">
      <Execution id="8a69cfaa-b8f0-4226-b50d-28a69f4bbbec" />
      <TestMethod codeBase="C:/Users/TiDK/Desktop/QLKhachSan/QLKhachSan/TestFormLogin/bin/Debug/TestFormLogin.DLL" adapterTypeName="Microsoft.VisualStudio.TestTools.TestTypes.Unit.UnitTestAdapter, Microsoft.VisualStudio.QualityTools.Tips.UnitTest.Adapter, Version=10.0.0.0, Culture=neutral, PublicKeyToken=b03f5f7f11d50a3a" className="TestFormLogin.UnitTestFormLogin, TestFormLogin, Version=1.0.0.0, Culture=neutral, PublicKeyToken=null" name="TestKhongNhapUserNameVaPassword" />
    </UnitTest>
    <UnitTest name="TestDangNhapThanhCong" storage="c:\users\tidk\desktop\qlkhachsan\qlkhachsan\testformlogin\bin\debug\testformlogin.dll" id="9a7c029e-6ac7-139c-a677-c95f8c793e8a">
      <Execution id="72bfc5bd-f71b-45c1-8312-354f5c44a607" />
      <TestMethod codeBase="C:/Users/TiDK/Desktop/QLKhachSan/QLKhachSan/TestFormLogin/bin/Debug/TestFormLogin.DLL" adapterTypeName="Microsoft.VisualStudio.TestTools.TestTypes.Unit.UnitTestAdapter, Microsoft.VisualStudio.QualityTools.Tips.UnitTest.Adapter, Version=10.0.0.0, Culture=neutral, PublicKeyToken=b03f5f7f11d50a3a" className="TestFormLogin.UnitTestFormLogin, TestFormLogin, Version=1.0.0.0, Culture=neutral, PublicKeyToken=null" name="TestDangNhapThanhCong" />
    </UnitTest>
    <UnitTest name="TestDangNhapSaiUsername" storage="c:\users\tidk\desktop\qlkhachsan\qlkhachsan\testformlogin\bin\debug\testformlogin.dll" id="e1bea3ac-d61e-bfab-f58f-e4df2d9e4d98">
      <Execution id="cb911fda-047d-4b79-98cb-cdab762ec23e" />
      <TestMethod codeBase="C:/Users/TiDK/Desktop/QLKhachSan/QLKhachSan/TestFormLogin/bin/Debug/TestFormLogin.DLL" adapterTypeName="Microsoft.VisualStudio.TestTools.TestTypes.Unit.UnitTestAdapter, Microsoft.VisualStudio.QualityTools.Tips.UnitTest.Adapter, Version=10.0.0.0, Culture=neutral, PublicKeyToken=b03f5f7f11d50a3a" className="TestFormLogin.UnitTestFormLogin, TestFormLogin, Version=1.0.0.0, Culture=neutral, PublicKeyToken=null" name="TestDangNhapSaiUsername" />
    </UnitTest>
    <UnitTest name="TestDangSaiPassword" storage="c:\users\tidk\desktop\qlkhachsan\qlkhachsan\testformlogin\bin\debug\testformlogin.dll" id="bae121d2-c58b-4a3d-7e43-c772e5045cb7">
      <Execution id="781a0c7b-fa3b-4422-8342-828a0e47e0b6" />
      <TestMethod codeBase="C:/Users/TiDK/Desktop/QLKhachSan/QLKhachSan/TestFormLogin/bin/Debug/TestFormLogin.DLL" adapterTypeName="Microsoft.VisualStudio.TestTools.TestTypes.Unit.UnitTestAdapter, Microsoft.VisualStudio.QualityTools.Tips.UnitTest.Adapter, Version=10.0.0.0, Culture=neutral, PublicKeyToken=b03f5f7f11d50a3a" className="TestFormLogin.UnitTestFormLogin, TestFormLogin, Version=1.0.0.0, Culture=neutral, PublicKeyToken=null" name="TestDangSaiPassword" />
    </UnitTest>
  </TestDefinitions>
  <TestLists>
    <TestList name="Results Not in a List" id="8c84fa94-04c1-424b-9868-57a2d4851a1d" />
    <TestList name="All Loaded Results" id="19431567-8539-422a-85d7-44ee4e166bda" />
  </TestLists>
  <TestEntries>
    <TestEntry testId="3ffcf067-8c0f-cb8f-9160-dedbcd81c4a4" executionId="8a69cfaa-b8f0-4226-b50d-28a69f4bbbec" testListId="8c84fa94-04c1-424b-9868-57a2d4851a1d" />
    <TestEntry testId="9a7c029e-6ac7-139c-a677-c95f8c793e8a" executionId="72bfc5bd-f71b-45c1-8312-354f5c44a607" testListId="8c84fa94-04c1-424b-9868-57a2d4851a1d" />
    <TestEntry testId="bae121d2-c58b-4a3d-7e43-c772e5045cb7" executionId="781a0c7b-fa3b-4422-8342-828a0e47e0b6" testListId="8c84fa94-04c1-424b-9868-57a2d4851a1d" />
    <TestEntry testId="d4cdd5b7-c959-94db-6c9c-63d20cd59a53" executionId="11e2416d-98e3-4815-8e54-62ead196229f" testListId="8c84fa94-04c1-424b-9868-57a2d4851a1d" />
    <TestEntry testId="dc86a428-8669-f14a-6cf3-fd727cf9a0df" executionId="13d93f74-132b-4783-8dcb-cd4833638f5f" testListId="8c84fa94-04c1-424b-9868-57a2d4851a1d" />
    <TestEntry testId="e1bea3ac-d61e-bfab-f58f-e4df2d9e4d98" executionId="cb911fda-047d-4b79-98cb-cdab762ec23e" testListId="8c84fa94-04c1-424b-9868-57a2d4851a1d" />
  </TestEntries>
  <Results>
    <UnitTestResult executionId="8a69cfaa-b8f0-4226-b50d-28a69f4bbbec" testId="3ffcf067-8c0f-cb8f-9160-dedbcd81c4a4" testName="TestKhongNhapUserNameVaPassword" computerName="TIDK-PC" duration="00:00:00.0140576" startTime="2019-11-15T17:21:18.2716980+07:00" endTime="2019-11-15T17:21:18.5368985+07:00" testType="13cdc9d9-ddb5-4fa4-a97d-d965ccfc6d4b" outcome="Passed" testListId="8c84fa94-04c1-424b-9868-57a2d4851a1d" relativeResultsDirectory="8a69cfaa-b8f0-4226-b50d-28a69f4bbbec">
    </UnitTestResult>
    <UnitTestResult executionId="72bfc5bd-f71b-45c1-8312-354f5c44a607" testId="9a7c029e-6ac7-139c-a677-c95f8c793e8a" testName="TestDangNhapThanhCong" computerName="TIDK-PC" duration="00:00:00.0002146" startTime="2019-11-15T17:21:18.5368985+07:00" endTime="2019-11-15T17:21:18.5524985+07:00" testType="13cdc9d9-ddb5-4fa4-a97d-d965ccfc6d4b" outcome="Passed" testListId="8c84fa94-04c1-424b-9868-57a2d4851a1d" relativeResultsDirectory="72bfc5bd-f71b-45c1-8312-354f5c44a607">
    </UnitTestResult>
    <UnitTestResult executionId="781a0c7b-fa3b-4422-8342-828a0e47e0b6" testId="bae121d2-c58b-4a3d-7e43-c772e5045cb7" testName="TestDangSaiPassword" computerName="TIDK-PC" duration="00:00:00.0002070" startTime="2019-11-15T17:21:18.5524985+07:00" endTime="2019-11-15T17:21:18.5524985+07:00" testType="13cdc9d9-ddb5-4fa4-a97d-d965ccfc6d4b" outcome="Passed" testListId="8c84fa94-04c1-424b-9868-57a2d4851a1d" relativeResultsDirectory="781a0c7b-fa3b-4422-8342-828a0e47e0b6">
    </UnitTestResult>
    <UnitTestResult executionId="11e2416d-98e3-4815-8e54-62ead196229f" testId="d4cdd5b7-c959-94db-6c9c-63d20cd59a53" testName="TestKhongNhapUserName" computerName="TIDK-PC" duration="00:00:00.0002101" startTime="2019-11-15T17:21:18.5680985+07:00" endTime="2019-11-15T17:21:18.5680985+07:00" testType="13cdc9d9-ddb5-4fa4-a97d-d965ccfc6d4b" outcome="Passed" testListId="8c84fa94-04c1-424b-9868-57a2d4851a1d" relativeResultsDirectory="11e2416d-98e3-4815-8e54-62ead196229f">
    </UnitTestResult>
    <UnitTestResult executionId="13d93f74-132b-4783-8dcb-cd4833638f5f" testId="dc86a428-8669-f14a-6cf3-fd727cf9a0df" testName="TestKhongNhapPassword" computerName="TIDK-PC" duration="00:00:00.0002119" startTime="2019-11-15T17:21:18.5680985+07:00" endTime="2019-11-15T17:21:18.5836986+07:00" testType="13cdc9d9-ddb5-4fa4-a97d-d965ccfc6d4b" outcome="Passed" testListId="8c84fa94-04c1-424b-9868-57a2d4851a1d" relativeResultsDirectory="13d93f74-132b-4783-8dcb-cd4833638f5f">
    </UnitTestResult>
    <UnitTestResult executionId="cb911fda-047d-4b79-98cb-cdab762ec23e" testId="e1bea3ac-d61e-bfab-f58f-e4df2d9e4d98" testName="TestDangNhapSaiUsername" computerName="TIDK-PC" duration="00:00:00.0002070" startTime="2019-11-15T17:21:18.5836986+07:00" endTime="2019-11-15T17:21:18.5836986+07:00" testType="13cdc9d9-ddb5-4fa4-a97d-d965ccfc6d4b" outcome="Passed" testListId="8c84fa94-04c1-424b-9868-57a2d4851a1d" relativeResultsDirectory="cb911fda-047d-4b79-98cb-cdab762ec23e">
    </UnitTestResult>
  </Results>
</TestRun>