<?xml version="1.0" encoding="UTF-8"?>
<TestRun id="9e0a9f98-a795-45f3-a97c-51a02e4312ea" name="TiDK@TIDK-PC 2019-11-16 09:38:00" runUser="TiDK-PC\TiDK" xmlns="http://microsoft.com/schemas/VisualStudio/TeamTest/2010">
  <TestSettings name="Local" id="4832f6f6-0122-46c3-a19a-a0aebfdfd26e">
    <Description>These are default test settings for a local test run.</Description>
    <Deployment enabled="false" runDeploymentRoot="TiDK_TIDK-PC 2019-11-16 09_38_00">
      <DeploymentItem filename="C:\Users\TiDK\Desktop\QLKhachSan\QLKhachSan\QLKhachSan\bin\Debug\QLKhachSan.exe" />
    </Deployment>
    <Execution>
      <TestTypeSpecific />
      <AgentRule name="Execution Agents">
      </AgentRule>
    </Execution>
  </TestSettings>
  <Times creation="2019-11-16T09:38:00.5289794+07:00" queuing="2019-11-16T09:38:00.5449803+07:00" start="2019-11-16T09:38:00.5649814+07:00" finish="2019-11-16T09:38:00.9360027+07:00" />
  <ResultSummary outcome="Completed">
    <Counters total="8" executed="8" passed="8" error="0" failed="0" timeout="0" aborted="0" inconclusive="0" passedButRunAborted="0" notRunnable="0" notExecuted="0" disconnected="0" warning="0" completed="0" inProgress="0" pending="0" />
  </ResultSummary>
  <TestDefinitions>
    <UnitTest name="TestDangSaiPassword" storage="c:\users\tidk\desktop\qlkhachsan\qlkhachsan\testqlkhachsan\bin\debug\testqlkhachsan.dll" id="0b4ec09c-c971-be03-ce00-0a51ab8ed75b">
      <Execution id="77c84ce9-1cb9-423a-bc7b-953457e44921" />
      <TestMethod codeBase="C:/Users/TiDK/Desktop/QLKhachSan/QLKhachSan/TestQLKhachSan/bin/Debug/TestQLKhachSan.DLL" adapterTypeName="Microsoft.VisualStudio.TestTools.TestTypes.Unit.UnitTestAdapter, Microsoft.VisualStudio.QualityTools.Tips.UnitTest.Adapter, Version=10.0.0.0, Culture=neutral, PublicKeyToken=b03f5f7f11d50a3a" className="TestQLKhachSan.UnitTestFrmLogin, TestQLKhachSan, Version=1.0.0.0, Culture=neutral, PublicKeyToken=null" name="TestDangSaiPassword" />
    </UnitTest>
    <UnitTest name="TestKhongNhapPassword" storage="c:\users\tidk\desktop\qlkhachsan\qlkhachsan\testqlkhachsan\bin\debug\testqlkhachsan.dll" id="602b0673-3044-ad46-fe8a-b5704d8a6e5c">
      <Execution id="450edc00-3242-4207-9f36-2b9523be4328" />
      <TestMethod codeBase="C:/Users/TiDK/Desktop/QLKhachSan/QLKhachSan/TestQLKhachSan/bin/Debug/TestQLKhachSan.DLL" adapterTypeName="Microsoft.VisualStudio.TestTools.TestTypes.Unit.UnitTestAdapter, Microsoft.VisualStudio.QualityTools.Tips.UnitTest.Adapter, Version=10.0.0.0, Culture=neutral, PublicKeyToken=b03f5f7f11d50a3a" className="TestQLKhachSan.UnitTestFrmLogin, TestQLKhachSan, Version=1.0.0.0, Culture=neutral, PublicKeyToken=null" name="TestKhongNhapPassword" />
    </UnitTest>
    <UnitTest name="TestThemNhanVienTrungMaNV" storage="c:\users\tidk\desktop\qlkhachsan\qlkhachsan\testqlkhachsan\bin\debug\testqlkhachsan.dll" id="3bce19a9-0c00-2837-3290-479e9f760b9e">
      <Execution id="4a1940f2-db2e-4840-9a1e-f666f77f61b3" />
      <TestMethod codeBase="C:/Users/TiDK/Desktop/QLKhachSan/QLKhachSan/TestQLKhachSan/bin/Debug/TestQLKhachSan.DLL" adapterTypeName="Microsoft.VisualStudio.TestTools.TestTypes.Unit.UnitTestAdapter, Microsoft.VisualStudio.QualityTools.Tips.UnitTest.Adapter, Version=10.0.0.0, Culture=neutral, PublicKeyToken=b03f5f7f11d50a3a" className="TestQLKhachSan.UnitTestFrmQuanLyNhanVien, TestQLKhachSan, Version=1.0.0.0, Culture=neutral, PublicKeyToken=null" name="TestThemNhanVienTrungMaNV" />
    </UnitTest>
    <UnitTest name="TestKhongNhapUserName" storage="c:\users\tidk\desktop\qlkhachsan\qlkhachsan\testqlkhachsan\bin\debug\testqlkhachsan.dll" id="2344bcb5-3ea9-479e-05d9-6cd17e79e20d">
      <Execution id="13cb127c-a8a9-4931-8b2a-ae26c76bbd93" />
      <TestMethod codeBase="C:/Users/TiDK/Desktop/QLKhachSan/QLKhachSan/TestQLKhachSan/bin/Debug/TestQLKhachSan.DLL" adapterTypeName="Microsoft.VisualStudio.TestTools.TestTypes.Unit.UnitTestAdapter, Microsoft.VisualStudio.QualityTools.Tips.UnitTest.Adapter, Version=10.0.0.0, Culture=neutral, PublicKeyToken=b03f5f7f11d50a3a" className="TestQLKhachSan.UnitTestFrmLogin, TestQLKhachSan, Version=1.0.0.0, Culture=neutral, PublicKeyToken=null" name="TestKhongNhapUserName" />
    </UnitTest>
    <UnitTest name="TestDangNhapSaiUsername" storage="c:\users\tidk\desktop\qlkhachsan\qlkhachsan\testqlkhachsan\bin\debug\testqlkhachsan.dll" id="20b0ec0f-1781-d0db-06f5-1f2b50da1bd6">
      <Execution id="7c494712-66b6-4e02-bbf4-fd749f64fdad" />
      <TestMethod codeBase="C:/Users/TiDK/Desktop/QLKhachSan/QLKhachSan/TestQLKhachSan/bin/Debug/TestQLKhachSan.DLL" adapterTypeName="Microsoft.VisualStudio.TestTools.TestTypes.Unit.UnitTestAdapter, Microsoft.VisualStudio.QualityTools.Tips.UnitTest.Adapter, Version=10.0.0.0, Culture=neutral, PublicKeyToken=b03f5f7f11d50a3a" className="TestQLKhachSan.UnitTestFrmLogin, TestQLKhachSan, Version=1.0.0.0, Culture=neutral, PublicKeyToken=null" name="TestDangNhapSaiUsername" />
    </UnitTest>
    <UnitTest name="TestKhongNhapUserNameVaPassword" storage="c:\users\tidk\desktop\qlkhachsan\qlkhachsan\testqlkhachsan\bin\debug\testqlkhachsan.dll" id="3280187f-31aa-6bdc-2c0f-5a1eafefeb27">
      <Execution id="1f15306b-0ebe-47d1-8620-196c1dc33a6e" />
      <TestMethod codeBase="C:/Users/TiDK/Desktop/QLKhachSan/QLKhachSan/TestQLKhachSan/bin/Debug/TestQLKhachSan.DLL" adapterTypeName="Microsoft.VisualStudio.TestTools.TestTypes.Unit.UnitTestAdapter, Microsoft.VisualStudio.QualityTools.Tips.UnitTest.Adapter, Version=10.0.0.0, Culture=neutral, PublicKeyToken=b03f5f7f11d50a3a" className="TestQLKhachSan.UnitTestFrmLogin, TestQLKhachSan, Version=1.0.0.0, Culture=neutral, PublicKeyToken=null" name="TestKhongNhapUserNameVaPassword" />
    </UnitTest>
    <UnitTest name="TestDangNhapThanhCong" storage="c:\users\tidk\desktop\qlkhachsan\qlkhachsan\testqlkhachsan\bin\debug\testqlkhachsan.dll" id="736986ec-f14e-2b8f-8436-bdb1ccb24237">
      <Execution id="1ebcac27-003b-451e-a8d5-b985a63c134a" />
      <TestMethod codeBase="C:/Users/TiDK/Desktop/QLKhachSan/QLKhachSan/TestQLKhachSan/bin/Debug/TestQLKhachSan.DLL" adapterTypeName="Microsoft.VisualStudio.TestTools.TestTypes.Unit.UnitTestAdapter, Microsoft.VisualStudio.QualityTools.Tips.UnitTest.Adapter, Version=10.0.0.0, Culture=neutral, PublicKeyToken=b03f5f7f11d50a3a" className="TestQLKhachSan.UnitTestFrmLogin, TestQLKhachSan, Version=1.0.0.0, Culture=neutral, PublicKeyToken=null" name="TestDangNhapThanhCong" />
    </UnitTest>
    <UnitTest name="TestThemNhanVienKhacMaNV" storage="c:\users\tidk\desktop\qlkhachsan\qlkhachsan\testqlkhachsan\bin\debug\testqlkhachsan.dll" id="0a8ebf80-cc34-c54b-f81e-35d22db3b166">
      <Execution id="4f0bfe56-6ff8-42f6-8c8b-cfb730eabb4e" />
      <TestMethod codeBase="C:/Users/TiDK/Desktop/QLKhachSan/QLKhachSan/TestQLKhachSan/bin/Debug/TestQLKhachSan.DLL" adapterTypeName="Microsoft.VisualStudio.TestTools.TestTypes.Unit.UnitTestAdapter, Microsoft.VisualStudio.QualityTools.Tips.UnitTest.Adapter, Version=10.0.0.0, Culture=neutral, PublicKeyToken=b03f5f7f11d50a3a" className="TestQLKhachSan.UnitTestFrmQuanLyNhanVien, TestQLKhachSan, Version=1.0.0.0, Culture=neutral, PublicKeyToken=null" name="TestThemNhanVienKhacMaNV" />
    </UnitTest>
  </TestDefinitions>
  <TestLists>
    <TestList name="Results Not in a List" id="8c84fa94-04c1-424b-9868-57a2d4851a1d" />
    <TestList name="All Loaded Results" id="19431567-8539-422a-85d7-44ee4e166bda" />
  </TestLists>
  <TestEntries>
    <TestEntry testId="0a8ebf80-cc34-c54b-f81e-35d22db3b166" executionId="4f0bfe56-6ff8-42f6-8c8b-cfb730eabb4e" testListId="8c84fa94-04c1-424b-9868-57a2d4851a1d" />
    <TestEntry testId="0b4ec09c-c971-be03-ce00-0a51ab8ed75b" executionId="77c84ce9-1cb9-423a-bc7b-953457e44921" testListId="8c84fa94-04c1-424b-9868-57a2d4851a1d" />
    <TestEntry testId="20b0ec0f-1781-d0db-06f5-1f2b50da1bd6" executionId="7c494712-66b6-4e02-bbf4-fd749f64fdad" testListId="8c84fa94-04c1-424b-9868-57a2d4851a1d" />
    <TestEntry testId="2344bcb5-3ea9-479e-05d9-6cd17e79e20d" executionId="13cb127c-a8a9-4931-8b2a-ae26c76bbd93" testListId="8c84fa94-04c1-424b-9868-57a2d4851a1d" />
    <TestEntry testId="3280187f-31aa-6bdc-2c0f-5a1eafefeb27" executionId="1f15306b-0ebe-47d1-8620-196c1dc33a6e" testListId="8c84fa94-04c1-424b-9868-57a2d4851a1d" />
    <TestEntry testId="3bce19a9-0c00-2837-3290-479e9f760b9e" executionId="4a1940f2-db2e-4840-9a1e-f666f77f61b3" testListId="8c84fa94-04c1-424b-9868-57a2d4851a1d" />
    <TestEntry testId="602b0673-3044-ad46-fe8a-b5704d8a6e5c" executionId="450edc00-3242-4207-9f36-2b9523be4328" testListId="8c84fa94-04c1-424b-9868-57a2d4851a1d" />
    <TestEntry testId="736986ec-f14e-2b8f-8436-bdb1ccb24237" executionId="1ebcac27-003b-451e-a8d5-b985a63c134a" testListId="8c84fa94-04c1-424b-9868-57a2d4851a1d" />
  </TestEntries>
  <Results>
    <UnitTestResult executionId="4f0bfe56-6ff8-42f6-8c8b-cfb730eabb4e" testId="0a8ebf80-cc34-c54b-f81e-35d22db3b166" testName="TestThemNhanVienKhacMaNV" computerName="TIDK-PC" duration="00:00:00.0296282" startTime="2019-11-16T09:38:00.5719818+07:00" endTime="2019-11-16T09:38:00.8609984+07:00" testType="13cdc9d9-ddb5-4fa4-a97d-d965ccfc6d4b" outcome="Passed" testListId="8c84fa94-04c1-424b-9868-57a2d4851a1d" relativeResultsDirectory="4f0bfe56-6ff8-42f6-8c8b-cfb730eabb4e">
      <Output>
        <StdOut>NV1
NV2</StdOut>
      </Output>
    </UnitTestResult>
    <UnitTestResult executionId="77c84ce9-1cb9-423a-bc7b-953457e44921" testId="0b4ec09c-c971-be03-ce00-0a51ab8ed75b" testName="TestDangSaiPassword" computerName="TIDK-PC" duration="00:00:00.0004363" startTime="2019-11-16T09:38:00.8629985+07:00" endTime="2019-11-16T09:38:00.8699989+07:00" testType="13cdc9d9-ddb5-4fa4-a97d-d965ccfc6d4b" outcome="Passed" testListId="8c84fa94-04c1-424b-9868-57a2d4851a1d" relativeResultsDirectory="77c84ce9-1cb9-423a-bc7b-953457e44921">
    </UnitTestResult>
    <UnitTestResult executionId="7c494712-66b6-4e02-bbf4-fd749f64fdad" testId="20b0ec0f-1781-d0db-06f5-1f2b50da1bd6" testName="TestDangNhapSaiUsername" computerName="TIDK-PC" duration="00:00:00.0002958" startTime="2019-11-16T09:38:00.8719990+07:00" endTime="2019-11-16T09:38:00.8789994+07:00" testType="13cdc9d9-ddb5-4fa4-a97d-d965ccfc6d4b" outcome="Passed" testListId="8c84fa94-04c1-424b-9868-57a2d4851a1d" relativeResultsDirectory="7c494712-66b6-4e02-bbf4-fd749f64fdad">
    </UnitTestResult>
    <UnitTestResult executionId="13cb127c-a8a9-4931-8b2a-ae26c76bbd93" testId="2344bcb5-3ea9-479e-05d9-6cd17e79e20d" testName="TestKhongNhapUserName" computerName="TIDK-PC" duration="00:00:00.0002213" startTime="2019-11-16T09:38:00.8809995+07:00" endTime="2019-11-16T09:38:00.8879999+07:00" testType="13cdc9d9-ddb5-4fa4-a97d-d965ccfc6d4b" outcome="Passed" testListId="8c84fa94-04c1-424b-9868-57a2d4851a1d" relativeResultsDirectory="13cb127c-a8a9-4931-8b2a-ae26c76bbd93">
    </UnitTestResult>
    <UnitTestResult executionId="1f15306b-0ebe-47d1-8620-196c1dc33a6e" testId="3280187f-31aa-6bdc-2c0f-5a1eafefeb27" testName="TestKhongNhapUserNameVaPassword" computerName="TIDK-PC" duration="00:00:00.0002123" startTime="2019-11-16T09:38:00.8910001+07:00" endTime="2019-11-16T09:38:00.8960004+07:00" testType="13cdc9d9-ddb5-4fa4-a97d-d965ccfc6d4b" outcome="Passed" testListId="8c84fa94-04c1-424b-9868-57a2d4851a1d" relativeResultsDirectory="1f15306b-0ebe-47d1-8620-196c1dc33a6e">
    </UnitTestResult>
    <UnitTestResult executionId="4a1940f2-db2e-4840-9a1e-f666f77f61b3" testId="3bce19a9-0c00-2837-3290-479e9f760b9e" testName="TestThemNhanVienTrungMaNV" computerName="TIDK-PC" duration="00:00:00.0028129" startTime="2019-11-16T09:38:00.8980005+07:00" endTime="2019-11-16T09:38:00.9060009+07:00" testType="13cdc9d9-ddb5-4fa4-a97d-d965ccfc6d4b" outcome="Passed" testListId="8c84fa94-04c1-424b-9868-57a2d4851a1d" relativeResultsDirectory="4a1940f2-db2e-4840-9a1e-f666f77f61b3">
      <Output>
        <StdOut>NV1
NV2</StdOut>
      </Output>
    </UnitTestResult>
    <UnitTestResult executionId="450edc00-3242-4207-9f36-2b9523be4328" testId="602b0673-3044-ad46-fe8a-b5704d8a6e5c" testName="TestKhongNhapPassword" computerName="TIDK-PC" duration="00:00:00.0002119" startTime="2019-11-16T09:38:00.9080011+07:00" endTime="2019-11-16T09:38:00.9140014+07:00" testType="13cdc9d9-ddb5-4fa4-a97d-d965ccfc6d4b" outcome="Passed" testListId="8c84fa94-04c1-424b-9868-57a2d4851a1d" relativeResultsDirectory="450edc00-3242-4207-9f36-2b9523be4328">
    </UnitTestResult>
    <UnitTestResult executionId="1ebcac27-003b-451e-a8d5-b985a63c134a" testId="736986ec-f14e-2b8f-8436-bdb1ccb24237" testName="TestDangNhapThanhCong" computerName="TIDK-PC" duration="00:00:00.0002173" startTime="2019-11-16T09:38:00.9160015+07:00" endTime="2019-11-16T09:38:00.9220019+07:00" testType="13cdc9d9-ddb5-4fa4-a97d-d965ccfc6d4b" outcome="Passed" testListId="8c84fa94-04c1-424b-9868-57a2d4851a1d" relativeResultsDirectory="1ebcac27-003b-451e-a8d5-b985a63c134a">
    </UnitTestResult>
  </Results>
</TestRun>