<?xml version="1.0" encoding="UTF-8"?>
<TestRun id="26b0a8ad-c427-4e44-96bf-be0bbce95337" name="TiDK@TIDK-PC 2019-11-15 16:54:14" runUser="TiDK-PC\TiDK" xmlns="http://microsoft.com/schemas/VisualStudio/TeamTest/2010">
  <TestSettings name="Local" id="4832f6f6-0122-46c3-a19a-a0aebfdfd26e">
    <Description>These are default test settings for a local test run.</Description>
    <Deployment enabled="false" runDeploymentRoot="TiDK_TIDK-PC 2019-11-15 16_54_14">
      <DeploymentItem filename="C:\Users\TiDK\Desktop\QLKhachSan\QLKhachSan\QLKhachSan\bin\Debug\QLKhachSan.exe" />
    </Deployment>
    <Execution>
      <TestTypeSpecific />
      <AgentRule name="Execution Agents">
      </AgentRule>
    </Execution>
  </TestSettings>
  <Times creation="2019-11-15T16:54:14.1430768+07:00" queuing="2019-11-15T16:54:14.1540774+07:00" start="2019-11-15T16:54:14.1680782+07:00" finish="2019-11-15T16:54:14.4750958+07:00" />
  <ResultSummary outcome="Completed">
    <Counters total="1" executed="1" passed="1" error="0" failed="0" timeout="0" aborted="0" inconclusive="0" passedButRunAborted="0" notRunnable="0" notExecuted="0" disconnected="0" warning="0" completed="0" inProgress="0" pending="0" />
  </ResultSummary>
  <TestDefinitions>
    <UnitTest name="TestDangNhapThanhCong" storage="c:\users\tidk\desktop\qlkhachsan\qlkhachsan\testformlogin\bin\debug\testformlogin.dll" id="9a7c029e-6ac7-139c-a677-c95f8c793e8a">
      <Execution id="e1d08c98-b3b1-4aaa-95b3-a2fa4f8af81b" />
      <TestMethod codeBase="C:/Users/TiDK/Desktop/QLKhachSan/QLKhachSan/TestFormLogin/bin/Debug/TestFormLogin.DLL" adapterTypeName="Microsoft.VisualStudio.TestTools.TestTypes.Unit.UnitTestAdapter, Microsoft.VisualStudio.QualityTools.Tips.UnitTest.Adapter, Version=10.0.0.0, Culture=neutral, PublicKeyToken=b03f5f7f11d50a3a" className="TestFormLogin.UnitTestFormLogin, TestFormLogin, Version=1.0.0.0, Culture=neutral, PublicKeyToken=null" name="TestDangNhapThanhCong" />
    </UnitTest>
  </TestDefinitions>
  <TestLists>
    <TestList name="Results Not in a List" id="8c84fa94-04c1-424b-9868-57a2d4851a1d" />
    <TestList name="All Loaded Results" id="19431567-8539-422a-85d7-44ee4e166bda" />
  </TestLists>
  <TestEntries>
    <TestEntry testId="9a7c029e-6ac7-139c-a677-c95f8c793e8a" executionId="e1d08c98-b3b1-4aaa-95b3-a2fa4f8af81b" testListId="8c84fa94-04c1-424b-9868-57a2d4851a1d" />
  </TestEntries>
  <Results>
    <UnitTestResult executionId="e1d08c98-b3b1-4aaa-95b3-a2fa4f8af81b" testId="9a7c029e-6ac7-139c-a677-c95f8c793e8a" testName="TestDangNhapThanhCong" computerName="TIDK-PC" duration="00:00:00.0141098" startTime="2019-11-15T16:54:14.1730785+07:00" endTime="2019-11-15T16:54:14.4590949+07:00" testType="13cdc9d9-ddb5-4fa4-a97d-d965ccfc6d4b" outcome="Passed" testListId="8c84fa94-04c1-424b-9868-57a2d4851a1d" relativeResultsDirectory="e1d08c98-b3b1-4aaa-95b3-a2fa4f8af81b">
    </UnitTestResult>
  </Results>
</TestRun>